// Jest Snapshot v1, https://goo.gl/fbAQLP

exports[`Home page testing snapShot testing 1`] = `
Object {
  "asFragment": [Function],
  "baseElement": <body>
    <div>
      <div
        class="MuiGrid-root MuiGrid-container"
        data-testid="home-1"
      >
        <div
          class="MuiGrid-root grid1 MuiGrid-item MuiGrid-grid-xs-8"
        >
          <div
            class="cTodoBox"
          >
            <h6
              class="MuiTypography-root text MuiTypography-h6"
              data-testid="heading"
            >
              Create Todo
            </h6>
            <form
              autocomplete="off"
              class="form"
            >
              <div
                class="titleBox"
              >
                <div
                  class="MuiFormControl-root MuiTextField-root title"
                >
                  <label
                    class="MuiFormLabel-root MuiInputLabel-root MuiInputLabel-formControl MuiInputLabel-animated"
                    data-shrink="false"
                    for="standard-basic"
                    id="standard-basic-label"
                  >
                    title
                  </label>
                  <div
                    class="MuiInputBase-root MuiInput-root MuiInput-underline MuiInputBase-formControl MuiInput-formControl"
                  >
                    <input
                      aria-invalid="false"
                      class="MuiInputBase-input MuiInput-input"
                      id="standard-basic"
                      name="title"
                      type="text"
                      value=""
                    />
                  </div>
                </div>
              </div>
              <div
                class="multilineBox"
              >
                <div
                  class="MuiFormControl-root MuiTextField-root multiline"
                >
                  <label
                    class="MuiFormLabel-root MuiInputLabel-root MuiInputLabel-formControl MuiInputLabel-animated MuiInputLabel-outlined"
                    data-shrink="false"
                    for="outlined-multiline-static"
                    id="outlined-multiline-static-label"
                  >
                    Desc
                  </label>
                  <div
                    class="MuiInputBase-root MuiOutlinedInput-root MuiInputBase-formControl MuiInputBase-multiline MuiOutlinedInput-multiline"
                  >
                    <textarea
                      aria-invalid="false"
                      class="MuiInputBase-input MuiOutlinedInput-input MuiInputBase-inputMultiline MuiOutlinedInput-inputMultiline"
                      id="outlined-multiline-static"
                      name="desc"
                      rows="4"
                    />
                    <fieldset
                      aria-hidden="true"
                      class="PrivateNotchedOutline-root-9 MuiOutlinedInput-notchedOutline"
                    >
                      <legend
                        class="PrivateNotchedOutline-legendLabelled-11"
                      >
                        <span>
                          Desc
                        </span>
                      </legend>
                    </fieldset>
                  </div>
                </div>
              </div>
              <div
                class="formControlBox"
              >
                <div
                  class="MuiFormControl-root formControl"
                >
                  <label
                    class="MuiFormLabel-root MuiInputLabel-root MuiInputLabel-formControl MuiInputLabel-animated"
                    data-shrink="false"
                    id="demo-simple-select-label"
                  >
                    Status
                  </label>
                  <div
                    class="MuiInputBase-root MuiInput-root MuiInput-underline MuiInputBase-formControl MuiInput-formControl"
                  >
                    <div
                      aria-haspopup="listbox"
                      aria-labelledby="demo-simple-select-label demo-simple-select"
                      class="MuiSelect-root MuiSelect-select MuiSelect-selectMenu MuiInputBase-input MuiInput-input"
                      id="demo-simple-select"
                      role="button"
                      tabindex="0"
                    >
                      <span>
                        â€‹
                      </span>
                    </div>
                    <input
                      aria-hidden="true"
                      class="MuiSelect-nativeInput"
                      name="status"
                      tabindex="-1"
                      value=""
                    />
                    <svg
                      aria-hidden="true"
                      class="MuiSvgIcon-root MuiSelect-icon"
                      focusable="false"
                      viewBox="0 0 24 24"
                    >
                      <path
                        d="M7 10l5 5 5-5z"
                      />
                    </svg>
                  </div>
                </div>
              </div>
              <div
                class="button"
              >
                <button
                  class="MuiButtonBase-root MuiButton-root MuiButton-contained btn MuiButton-containedPrimary"
                  data-testid="button"
                  tabindex="0"
                  type="button"
                >
                  <span
                    class="MuiButton-label"
                  >
                    Add Todo
                  </span>
                  <span
                    class="MuiTouchRipple-root"
                  />
                </button>
              </div>
            </form>
          </div>
        </div>
        <div
          class="MuiGrid-root grid2 MuiGrid-item MuiGrid-grid-xs-4"
        >
          <div />
        </div>
      </div>
    </div>
  </body>,
  "container": <div>
    <div
      class="MuiGrid-root MuiGrid-container"
      data-testid="home-1"
    >
      <div
        class="MuiGrid-root grid1 MuiGrid-item MuiGrid-grid-xs-8"
      >
        <div
          class="cTodoBox"
        >
          <h6
            class="MuiTypography-root text MuiTypography-h6"
            data-testid="heading"
          >
            Create Todo
          </h6>
          <form
            autocomplete="off"
            class="form"
          >
            <div
              class="titleBox"
            >
              <div
                class="MuiFormControl-root MuiTextField-root title"
              >
                <label
                  class="MuiFormLabel-root MuiInputLabel-root MuiInputLabel-formControl MuiInputLabel-animated"
                  data-shrink="false"
                  for="standard-basic"
                  id="standard-basic-label"
                >
                  title
                </label>
                <div
                  class="MuiInputBase-root MuiInput-root MuiInput-underline MuiInputBase-formControl MuiInput-formControl"
                >
                  <input
                    aria-invalid="false"
                    class="MuiInputBase-input MuiInput-input"
                    id="standard-basic"
                    name="title"
                    type="text"
                    value=""
                  />
                </div>
              </div>
            </div>
            <div
              class="multilineBox"
            >
              <div
                class="MuiFormControl-root MuiTextField-root multiline"
              >
                <label
                  class="MuiFormLabel-root MuiInputLabel-root MuiInputLabel-formControl MuiInputLabel-animated MuiInputLabel-outlined"
                  data-shrink="false"
                  for="outlined-multiline-static"
                  id="outlined-multiline-static-label"
                >
                  Desc
                </label>
                <div
                  class="MuiInputBase-root MuiOutlinedInput-root MuiInputBase-formControl MuiInputBase-multiline MuiOutlinedInput-multiline"
                >
                  <textarea
                    aria-invalid="false"
                    class="MuiInputBase-input MuiOutlinedInput-input MuiInputBase-inputMultiline MuiOutlinedInput-inputMultiline"
                    id="outlined-multiline-static"
                    name="desc"
                    rows="4"
                  />
                  <fieldset
                    aria-hidden="true"
                    class="PrivateNotchedOutline-root-9 MuiOutlinedInput-notchedOutline"
                  >
                    <legend
                      class="PrivateNotchedOutline-legendLabelled-11"
                    >
                      <span>
                        Desc
                      </span>
                    </legend>
                  </fieldset>
                </div>
              </div>
            </div>
            <div
              class="formControlBox"
            >
              <div
                class="MuiFormControl-root formControl"
              >
                <label
                  class="MuiFormLabel-root MuiInputLabel-root MuiInputLabel-formControl MuiInputLabel-animated"
                  data-shrink="false"
                  id="demo-simple-select-label"
                >
                  Status
                </label>
                <div
                  class="MuiInputBase-root MuiInput-root MuiInput-underline MuiInputBase-formControl MuiInput-formControl"
                >
                  <div
                    aria-haspopup="listbox"
                    aria-labelledby="demo-simple-select-label demo-simple-select"
                    class="MuiSelect-root MuiSelect-select MuiSelect-selectMenu MuiInputBase-input MuiInput-input"
                    id="demo-simple-select"
                    role="button"
                    tabindex="0"
                  >
                    <span>
                      â€‹
                    </span>
                  </div>
                  <input
                    aria-hidden="true"
                    class="MuiSelect-nativeInput"
                    name="status"
                    tabindex="-1"
                    value=""
                  />
                  <svg
                    aria-hidden="true"
                    class="MuiSvgIcon-root MuiSelect-icon"
                    focusable="false"
                    viewBox="0 0 24 24"
                  >
                    <path
                      d="M7 10l5 5 5-5z"
                    />
                  </svg>
                </div>
              </div>
            </div>
            <div
              class="button"
            >
              <button
                class="MuiButtonBase-root MuiButton-root MuiButton-contained btn MuiButton-containedPrimary"
                data-testid="button"
                tabindex="0"
                type="button"
              >
                <span
                  class="MuiButton-label"
                >
                  Add Todo
                </span>
                <span
                  class="MuiTouchRipple-root"
                />
              </button>
            </div>
          </form>
        </div>
      </div>
      <div
        class="MuiGrid-root grid2 MuiGrid-item MuiGrid-grid-xs-4"
      >
        <div />
      </div>
    </div>
  </div>,
  "debug": [Function],
  "findAllByAltText": [Function],
  "findAllByDisplayValue": [Function],
  "findAllByLabelText": [Function],
  "findAllByPlaceholderText": [Function],
  "findAllByRole": [Function],
  "findAllByTestId": [Function],
  "findAllByText": [Function],
  "findAllByTitle": [Function],
  "findByAltText": [Function],
  "findByDisplayValue": [Function],
  "findByLabelText": [Function],
  "findByPlaceholderText": [Function],
  "findByRole": [Function],
  "findByTestId": [Function],
  "findByText": [Function],
  "findByTitle": [Function],
  "getAllByAltText": [Function],
  "getAllByDisplayValue": [Function],
  "getAllByLabelText": [Function],
  "getAllByPlaceholderText": [Function],
  "getAllByRole": [Function],
  "getAllByTestId": [Function],
  "getAllByText": [Function],
  "getAllByTitle": [Function],
  "getByAltText": [Function],
  "getByDisplayValue": [Function],
  "getByLabelText": [Function],
  "getByPlaceholderText": [Function],
  "getByRole": [Function],
  "getByTestId": [Function],
  "getByText": [Function],
  "getByTitle": [Function],
  "queryAllByAltText": [Function],
  "queryAllByDisplayValue": [Function],
  "queryAllByLabelText": [Function],
  "queryAllByPlaceholderText": [Function],
  "queryAllByRole": [Function],
  "queryAllByTestId": [Function],
  "queryAllByText": [Function],
  "queryAllByTitle": [Function],
  "queryByAltText": [Function],
  "queryByDisplayValue": [Function],
  "queryByLabelText": [Function],
  "queryByPlaceholderText": [Function],
  "queryByRole": [Function],
  "queryByTestId": [Function],
  "queryByText": [Function],
  "queryByTitle": [Function],
  "rerender": [Function],
  "unmount": [Function],
}
`;
